2025-05-17 13:49:26 - MedicalClassifier - INFO - 开始训练流程
2025-05-17 13:49:26 - MedicalClassifier - INFO - 使用设备: cuda
2025-05-17 13:49:26 - MedicalClassifier - INFO - 加载数据集...
2025-05-17 13:50:44 - MedicalClassifier - INFO - 开始训练流程
2025-05-17 13:50:44 - MedicalClassifier - INFO - 使用设备: cuda
2025-05-17 13:50:44 - MedicalClassifier - INFO - 加载数据集...
2025-05-17 13:50:47 - MedicalClassifier - INFO - 开始训练...
2025-05-17 13:50:48 - MedicalClassifier - INFO - Epoch 1, Batch 0, Loss: 2.5930
2025-05-17 13:50:58 - MedicalClassifier - INFO - Epoch 1, Batch 100, Loss: 2.5580
2025-05-17 13:51:08 - MedicalClassifier - INFO - Epoch 1, Batch 200, Loss: 2.3305
2025-05-17 13:51:19 - MedicalClassifier - INFO - Epoch 1, Batch 300, Loss: 2.1198
2025-05-17 13:51:30 - MedicalClassifier - INFO - Epoch 1, Batch 400, Loss: 1.9237
2025-05-17 13:51:40 - MedicalClassifier - INFO - Epoch 1, Batch 500, Loss: 1.7728
2025-05-17 13:51:51 - MedicalClassifier - INFO - Epoch 1, Batch 600, Loss: 1.6490
2025-05-17 13:52:01 - MedicalClassifier - INFO - Epoch 1, Batch 700, Loss: 1.5525
2025-05-17 13:52:11 - MedicalClassifier - INFO - Epoch 1, Batch 800, Loss: 1.4703
2025-05-17 13:52:22 - MedicalClassifier - INFO - Epoch 1, Batch 900, Loss: 1.4112
2025-05-17 13:52:33 - MedicalClassifier - INFO - Epoch 1, Batch 1000, Loss: 1.3530
2025-05-17 13:52:44 - MedicalClassifier - INFO - Epoch 1, Batch 1100, Loss: 1.3038
2025-05-17 13:52:54 - MedicalClassifier - INFO - Epoch 1, Batch 1200, Loss: 1.2645
2025-05-17 13:53:04 - MedicalClassifier - INFO - Epoch 1, Batch 1300, Loss: 1.2286
2025-05-17 13:53:15 - MedicalClassifier - INFO - Epoch 1, Batch 1400, Loss: 1.1949
2025-05-17 13:53:25 - MedicalClassifier - INFO - Epoch 1, Batch 1500, Loss: 1.1689
2025-05-17 13:53:36 - MedicalClassifier - INFO - Epoch 1, Batch 1600, Loss: 1.1468
2025-05-17 13:53:46 - MedicalClassifier - INFO - Epoch 1, Batch 1700, Loss: 1.1240
2025-05-17 13:53:56 - MedicalClassifier - INFO - Epoch 1, Batch 1800, Loss: 1.1024
2025-05-17 13:54:07 - MedicalClassifier - INFO - Epoch 1, Batch 1900, Loss: 1.0824
2025-05-17 13:54:17 - MedicalClassifier - INFO - Epoch 1, Batch 2000, Loss: 1.0642
2025-05-17 13:54:27 - MedicalClassifier - INFO - Epoch 1, Batch 2100, Loss: 1.0464
2025-05-17 13:54:38 - MedicalClassifier - INFO - Epoch 1, Batch 2200, Loss: 1.0300
2025-05-17 13:54:48 - MedicalClassifier - INFO - Epoch 1, Batch 2300, Loss: 1.0155
2025-05-17 13:55:31 - MedicalClassifier - INFO - Epoch 1 - Validation Accuracy: 0.7876, F1: 0.7864
2025-05-17 13:55:32 - MedicalClassifier - INFO - 保存最佳模型，F1分数: 0.7864
2025-05-17 13:55:32 - MedicalClassifier - INFO - Epoch 2, Batch 0, Loss: 0.8259
2025-05-17 13:55:42 - MedicalClassifier - INFO - Epoch 2, Batch 100, Loss: 0.6261
2025-05-17 13:55:52 - MedicalClassifier - INFO - Epoch 2, Batch 200, Loss: 0.6494
2025-05-17 13:56:03 - MedicalClassifier - INFO - Epoch 2, Batch 300, Loss: 0.6462
2025-05-17 13:56:13 - MedicalClassifier - INFO - Epoch 2, Batch 400, Loss: 0.6431
2025-05-17 13:56:23 - MedicalClassifier - INFO - Epoch 2, Batch 500, Loss: 0.6353
2025-05-17 13:56:34 - MedicalClassifier - INFO - Epoch 2, Batch 600, Loss: 0.6315
2025-05-17 13:56:45 - MedicalClassifier - INFO - Epoch 2, Batch 700, Loss: 0.6307
2025-05-17 13:56:55 - MedicalClassifier - INFO - Epoch 2, Batch 800, Loss: 0.6318
2025-05-17 13:57:06 - MedicalClassifier - INFO - Epoch 2, Batch 900, Loss: 0.6308
2025-05-17 13:57:16 - MedicalClassifier - INFO - Epoch 2, Batch 1000, Loss: 0.6317
2025-05-17 13:57:27 - MedicalClassifier - INFO - Epoch 2, Batch 1100, Loss: 0.6289
2025-05-17 13:57:37 - MedicalClassifier - INFO - Epoch 2, Batch 1200, Loss: 0.6284
2025-05-17 13:57:48 - MedicalClassifier - INFO - Epoch 2, Batch 1300, Loss: 0.6266
2025-05-17 13:57:58 - MedicalClassifier - INFO - Epoch 2, Batch 1400, Loss: 0.6248
2025-05-17 13:58:09 - MedicalClassifier - INFO - Epoch 2, Batch 1500, Loss: 0.6205
2025-05-17 13:58:20 - MedicalClassifier - INFO - Epoch 2, Batch 1600, Loss: 0.6182
2025-05-17 13:58:30 - MedicalClassifier - INFO - Epoch 2, Batch 1700, Loss: 0.6178
2025-05-17 13:58:41 - MedicalClassifier - INFO - Epoch 2, Batch 1800, Loss: 0.6163
2025-05-17 13:58:51 - MedicalClassifier - INFO - Epoch 2, Batch 1900, Loss: 0.6165
2025-05-17 13:59:01 - MedicalClassifier - INFO - Epoch 2, Batch 2000, Loss: 0.6147
2025-05-17 13:59:12 - MedicalClassifier - INFO - Epoch 2, Batch 2100, Loss: 0.6133
2025-05-17 13:59:22 - MedicalClassifier - INFO - Epoch 2, Batch 2200, Loss: 0.6120
2025-05-17 13:59:32 - MedicalClassifier - INFO - Epoch 2, Batch 2300, Loss: 0.6086
2025-05-17 14:00:15 - MedicalClassifier - INFO - Epoch 2 - Validation Accuracy: 0.8075, F1: 0.8050
2025-05-17 14:00:17 - MedicalClassifier - INFO - 保存最佳模型，F1分数: 0.8050
2025-05-17 14:00:17 - MedicalClassifier - INFO - Epoch 3, Batch 0, Loss: 0.4243
2025-05-17 14:00:28 - MedicalClassifier - INFO - Epoch 3, Batch 100, Loss: 0.4797
2025-05-17 14:00:38 - MedicalClassifier - INFO - Epoch 3, Batch 200, Loss: 0.5066
2025-05-17 14:00:49 - MedicalClassifier - INFO - Epoch 3, Batch 300, Loss: 0.4996
2025-05-17 14:00:59 - MedicalClassifier - INFO - Epoch 3, Batch 400, Loss: 0.5019
2025-05-17 14:01:10 - MedicalClassifier - INFO - Epoch 3, Batch 500, Loss: 0.5005
2025-05-17 14:01:20 - MedicalClassifier - INFO - Epoch 3, Batch 600, Loss: 0.4955
2025-05-17 14:01:30 - MedicalClassifier - INFO - Epoch 3, Batch 700, Loss: 0.4983
2025-05-17 14:01:41 - MedicalClassifier - INFO - Epoch 3, Batch 800, Loss: 0.4982
2025-05-17 14:01:51 - MedicalClassifier - INFO - Epoch 3, Batch 900, Loss: 0.4943
2025-05-17 14:02:02 - MedicalClassifier - INFO - Epoch 3, Batch 1000, Loss: 0.4933
2025-05-17 14:02:12 - MedicalClassifier - INFO - Epoch 3, Batch 1100, Loss: 0.4948
2025-05-17 14:02:23 - MedicalClassifier - INFO - Epoch 3, Batch 1200, Loss: 0.4953
2025-05-17 14:02:33 - MedicalClassifier - INFO - Epoch 3, Batch 1300, Loss: 0.4936
2025-05-17 14:02:44 - MedicalClassifier - INFO - Epoch 3, Batch 1400, Loss: 0.4948
2025-05-17 14:02:54 - MedicalClassifier - INFO - Epoch 3, Batch 1500, Loss: 0.4943
2025-05-17 14:03:04 - MedicalClassifier - INFO - Epoch 3, Batch 1600, Loss: 0.4928
2025-05-17 14:03:15 - MedicalClassifier - INFO - Epoch 3, Batch 1700, Loss: 0.4924
2025-05-17 14:03:26 - MedicalClassifier - INFO - Epoch 3, Batch 1800, Loss: 0.4893
2025-05-17 14:03:36 - MedicalClassifier - INFO - Epoch 3, Batch 1900, Loss: 0.4892
2025-05-17 14:03:47 - MedicalClassifier - INFO - Epoch 3, Batch 2000, Loss: 0.4874
2025-05-17 14:03:57 - MedicalClassifier - INFO - Epoch 3, Batch 2100, Loss: 0.4854
2025-05-17 14:04:07 - MedicalClassifier - INFO - Epoch 3, Batch 2200, Loss: 0.4851
2025-05-17 14:04:18 - MedicalClassifier - INFO - Epoch 3, Batch 2300, Loss: 0.4851
2025-05-17 14:05:01 - MedicalClassifier - INFO - Epoch 3 - Validation Accuracy: 0.8118, F1: 0.8103
2025-05-17 14:05:03 - MedicalClassifier - INFO - 保存最佳模型，F1分数: 0.8103
2025-05-17 14:05:03 - MedicalClassifier - INFO - 在测试集上评估...
2025-05-17 14:05:03 - MedicalClassifier - INFO - 测试集准确率: nan, F1分数: nan
2025-05-17 14:05:03 - MedicalClassifier - INFO - 保存模型...
2025-05-17 14:44:01 - MedicalClassifier - INFO - 开始训练流程
2025-05-17 14:44:01 - MedicalClassifier - INFO - 使用设备: cuda
2025-05-17 14:44:01 - MedicalClassifier - INFO - 加载数据集...
2025-05-17 14:44:04 - MedicalClassifier - INFO - 开始训练...
2025-05-17 14:44:04 - MedicalClassifier - INFO - Epoch 1, Batch 0, Loss: 2.5930
2025-05-17 14:44:15 - MedicalClassifier - INFO - Epoch 1, Batch 100, Loss: 2.5580
2025-05-17 14:44:25 - MedicalClassifier - INFO - Epoch 1, Batch 200, Loss: 2.3316
2025-05-17 14:44:36 - MedicalClassifier - INFO - Epoch 1, Batch 300, Loss: 2.1221
2025-05-17 14:44:46 - MedicalClassifier - INFO - Epoch 1, Batch 400, Loss: 1.9288
2025-05-17 14:44:57 - MedicalClassifier - INFO - Epoch 1, Batch 500, Loss: 1.7778
2025-05-17 14:45:07 - MedicalClassifier - INFO - Epoch 1, Batch 600, Loss: 1.6534
2025-05-17 14:45:17 - MedicalClassifier - INFO - Epoch 1, Batch 700, Loss: 1.5565
2025-05-17 14:45:28 - MedicalClassifier - INFO - Epoch 1, Batch 800, Loss: 1.4737
2025-05-17 14:45:39 - MedicalClassifier - INFO - Epoch 1, Batch 900, Loss: 1.4139
2025-05-17 14:45:49 - MedicalClassifier - INFO - Epoch 1, Batch 1000, Loss: 1.3552
2025-05-17 14:45:59 - MedicalClassifier - INFO - Epoch 1, Batch 1100, Loss: 1.3056
2025-05-17 14:46:10 - MedicalClassifier - INFO - Epoch 1, Batch 1200, Loss: 1.2660
2025-05-17 14:46:20 - MedicalClassifier - INFO - Epoch 1, Batch 1300, Loss: 1.2304
2025-05-17 14:46:31 - MedicalClassifier - INFO - Epoch 1, Batch 1400, Loss: 1.1962
2025-05-17 14:46:41 - MedicalClassifier - INFO - Epoch 1, Batch 1500, Loss: 1.1699
2025-05-17 14:46:52 - MedicalClassifier - INFO - Epoch 1, Batch 1600, Loss: 1.1475
2025-05-17 14:47:02 - MedicalClassifier - INFO - Epoch 1, Batch 1700, Loss: 1.1244
2025-05-17 14:47:13 - MedicalClassifier - INFO - Epoch 1, Batch 1800, Loss: 1.1031
2025-05-17 14:47:23 - MedicalClassifier - INFO - Epoch 1, Batch 1900, Loss: 1.0829
2025-05-17 14:47:34 - MedicalClassifier - INFO - Epoch 1, Batch 2000, Loss: 1.0647
2025-05-17 14:47:44 - MedicalClassifier - INFO - Epoch 1, Batch 2100, Loss: 1.0469
2025-05-17 14:47:55 - MedicalClassifier - INFO - Epoch 1, Batch 2200, Loss: 1.0306
2025-05-17 14:48:05 - MedicalClassifier - INFO - Epoch 1, Batch 2300, Loss: 1.0163
2025-05-17 15:07:22 - MedicalClassifier - INFO - 开始训练流程
2025-05-17 15:07:22 - MedicalClassifier - INFO - 使用设备: cuda
2025-05-17 15:07:22 - MedicalClassifier - INFO - 加载数据集...
2025-05-17 15:07:25 - MedicalClassifier - INFO - 开始训练...
2025-05-17 15:07:26 - MedicalClassifier - INFO - Epoch 1, Batch 0, Loss: 2.5930
2025-05-17 15:07:36 - MedicalClassifier - INFO - Epoch 1, Batch 100, Loss: 2.5580
2025-05-17 15:07:47 - MedicalClassifier - INFO - Epoch 1, Batch 200, Loss: 2.3312
2025-05-17 15:07:57 - MedicalClassifier - INFO - Epoch 1, Batch 300, Loss: 2.1214
2025-05-17 15:08:08 - MedicalClassifier - INFO - Epoch 1, Batch 400, Loss: 1.9254
2025-05-17 15:08:18 - MedicalClassifier - INFO - Epoch 1, Batch 500, Loss: 1.7745
2025-05-17 15:08:29 - MedicalClassifier - INFO - Epoch 1, Batch 600, Loss: 1.6506
2025-05-17 15:08:39 - MedicalClassifier - INFO - Epoch 1, Batch 700, Loss: 1.5542
2025-05-17 15:08:50 - MedicalClassifier - INFO - Epoch 1, Batch 800, Loss: 1.4717
2025-05-17 15:09:00 - MedicalClassifier - INFO - Epoch 1, Batch 900, Loss: 1.4121
2025-05-17 15:09:11 - MedicalClassifier - INFO - Epoch 1, Batch 1000, Loss: 1.3536
2025-05-17 15:09:21 - MedicalClassifier - INFO - Epoch 1, Batch 1100, Loss: 1.3041
2025-05-17 15:09:32 - MedicalClassifier - INFO - Epoch 1, Batch 1200, Loss: 1.2647
2025-05-17 15:09:42 - MedicalClassifier - INFO - Epoch 1, Batch 1300, Loss: 1.2290
2025-05-17 15:09:53 - MedicalClassifier - INFO - Epoch 1, Batch 1400, Loss: 1.1949
2025-05-17 15:10:04 - MedicalClassifier - INFO - Epoch 1, Batch 1500, Loss: 1.1689
2025-05-17 15:10:14 - MedicalClassifier - INFO - Epoch 1, Batch 1600, Loss: 1.1466
2025-05-17 15:10:25 - MedicalClassifier - INFO - Epoch 1, Batch 1700, Loss: 1.1235
2025-05-17 15:10:35 - MedicalClassifier - INFO - Epoch 1, Batch 1800, Loss: 1.1020
2025-05-17 15:10:46 - MedicalClassifier - INFO - Epoch 1, Batch 1900, Loss: 1.0817
2025-05-17 15:10:56 - MedicalClassifier - INFO - Epoch 1, Batch 2000, Loss: 1.0636
2025-05-17 15:11:07 - MedicalClassifier - INFO - Epoch 1, Batch 2100, Loss: 1.0459
2025-05-17 15:11:17 - MedicalClassifier - INFO - Epoch 1, Batch 2200, Loss: 1.0295
2025-05-17 15:11:28 - MedicalClassifier - INFO - Epoch 1, Batch 2300, Loss: 1.0153
2025-05-17 15:12:11 - MedicalClassifier - INFO - Epoch 1 - Validation Accuracy: 0.7870, F1: 0.7858
2025-05-17 15:12:13 - MedicalClassifier - INFO - 保存最佳模型，F1分数: 0.7858
2025-05-17 15:12:13 - MedicalClassifier - INFO - Epoch 2, Batch 0, Loss: 0.8893
2025-05-17 15:12:24 - MedicalClassifier - INFO - Epoch 2, Batch 100, Loss: 0.6226
2025-05-17 15:12:34 - MedicalClassifier - INFO - Epoch 2, Batch 200, Loss: 0.6459
2025-05-17 15:12:45 - MedicalClassifier - INFO - Epoch 2, Batch 300, Loss: 0.6451
2025-05-17 15:12:55 - MedicalClassifier - INFO - Epoch 2, Batch 400, Loss: 0.6396
2025-05-17 15:13:06 - MedicalClassifier - INFO - Epoch 2, Batch 500, Loss: 0.6329
2025-05-17 15:13:16 - MedicalClassifier - INFO - Epoch 2, Batch 600, Loss: 0.6291
2025-05-17 15:13:27 - MedicalClassifier - INFO - Epoch 2, Batch 700, Loss: 0.6290
2025-05-17 15:13:37 - MedicalClassifier - INFO - Epoch 2, Batch 800, Loss: 0.6299
2025-05-17 15:13:47 - MedicalClassifier - INFO - Epoch 2, Batch 900, Loss: 0.6292
2025-05-17 15:13:58 - MedicalClassifier - INFO - Epoch 2, Batch 1000, Loss: 0.6305
2025-05-17 15:14:08 - MedicalClassifier - INFO - Epoch 2, Batch 1100, Loss: 0.6276
2025-05-17 15:14:19 - MedicalClassifier - INFO - Epoch 2, Batch 1200, Loss: 0.6273
2025-05-17 15:14:29 - MedicalClassifier - INFO - Epoch 2, Batch 1300, Loss: 0.6262
2025-05-17 15:14:40 - MedicalClassifier - INFO - Epoch 2, Batch 1400, Loss: 0.6246
2025-05-17 15:14:50 - MedicalClassifier - INFO - Epoch 2, Batch 1500, Loss: 0.6200
2025-05-17 15:15:01 - MedicalClassifier - INFO - Epoch 2, Batch 1600, Loss: 0.6179
2025-05-17 15:15:11 - MedicalClassifier - INFO - Epoch 2, Batch 1700, Loss: 0.6175
2025-05-17 15:15:21 - MedicalClassifier - INFO - Epoch 2, Batch 1800, Loss: 0.6161
2025-05-17 15:15:32 - MedicalClassifier - INFO - Epoch 2, Batch 1900, Loss: 0.6161
2025-05-17 15:15:43 - MedicalClassifier - INFO - Epoch 2, Batch 2000, Loss: 0.6148
2025-05-17 15:15:53 - MedicalClassifier - INFO - Epoch 2, Batch 2100, Loss: 0.6133
2025-05-17 15:16:04 - MedicalClassifier - INFO - Epoch 2, Batch 2200, Loss: 0.6120
2025-05-17 15:16:14 - MedicalClassifier - INFO - Epoch 2, Batch 2300, Loss: 0.6087
2025-05-17 15:16:58 - MedicalClassifier - INFO - Epoch 2 - Validation Accuracy: 0.8082, F1: 0.8056
2025-05-17 15:16:59 - MedicalClassifier - INFO - 保存最佳模型，F1分数: 0.8056
2025-05-17 15:17:00 - MedicalClassifier - INFO - Epoch 3, Batch 0, Loss: 0.4222
2025-05-17 15:17:10 - MedicalClassifier - INFO - Epoch 3, Batch 100, Loss: 0.4795
2025-05-17 15:17:21 - MedicalClassifier - INFO - Epoch 3, Batch 200, Loss: 0.5084
2025-05-17 15:17:31 - MedicalClassifier - INFO - Epoch 3, Batch 300, Loss: 0.5007
2025-05-17 15:17:41 - MedicalClassifier - INFO - Epoch 3, Batch 400, Loss: 0.5019
2025-05-17 15:17:52 - MedicalClassifier - INFO - Epoch 3, Batch 500, Loss: 0.5006
2025-05-17 15:18:02 - MedicalClassifier - INFO - Epoch 3, Batch 600, Loss: 0.4960
2025-05-17 15:18:13 - MedicalClassifier - INFO - Epoch 3, Batch 700, Loss: 0.4986
2025-05-17 15:18:23 - MedicalClassifier - INFO - Epoch 3, Batch 800, Loss: 0.4987
2025-05-17 15:18:34 - MedicalClassifier - INFO - Epoch 3, Batch 900, Loss: 0.4944
2025-05-17 15:18:44 - MedicalClassifier - INFO - Epoch 3, Batch 1000, Loss: 0.4935
2025-05-17 15:18:55 - MedicalClassifier - INFO - Epoch 3, Batch 1100, Loss: 0.4953
2025-05-17 15:19:05 - MedicalClassifier - INFO - Epoch 3, Batch 1200, Loss: 0.4956
2025-05-17 15:19:15 - MedicalClassifier - INFO - Epoch 3, Batch 1300, Loss: 0.4944
2025-05-17 15:19:26 - MedicalClassifier - INFO - Epoch 3, Batch 1400, Loss: 0.4953
2025-05-17 15:19:36 - MedicalClassifier - INFO - Epoch 3, Batch 1500, Loss: 0.4949
2025-05-17 15:19:46 - MedicalClassifier - INFO - Epoch 3, Batch 1600, Loss: 0.4933
2025-05-17 15:19:57 - MedicalClassifier - INFO - Epoch 3, Batch 1700, Loss: 0.4926
2025-05-17 15:20:08 - MedicalClassifier - INFO - Epoch 3, Batch 1800, Loss: 0.4897
2025-05-17 15:20:18 - MedicalClassifier - INFO - Epoch 3, Batch 1900, Loss: 0.4894
2025-05-17 15:20:28 - MedicalClassifier - INFO - Epoch 3, Batch 2000, Loss: 0.4875
2025-05-17 15:20:39 - MedicalClassifier - INFO - Epoch 3, Batch 2100, Loss: 0.4858
2025-05-17 15:20:50 - MedicalClassifier - INFO - Epoch 3, Batch 2200, Loss: 0.4856
2025-05-17 15:21:00 - MedicalClassifier - INFO - Epoch 3, Batch 2300, Loss: 0.4856
2025-05-17 15:21:44 - MedicalClassifier - INFO - Epoch 3 - Validation Accuracy: 0.8120, F1: 0.8105
2025-05-17 15:21:46 - MedicalClassifier - INFO - 保存最佳模型，F1分数: 0.8105
2025-05-17 15:21:46 - MedicalClassifier - INFO - 在测试集上评估...
2025-05-17 15:21:46 - MedicalClassifier - INFO - 测试集准确率: nan, F1分数: nan
2025-05-17 15:21:46 - MedicalClassifier - INFO - 保存模型...
2025-05-17 15:21:47 - MedicalClassifier - INFO - 训练完成
